lawtonnichols:Fall-2018/ $ git clone https://github.com/ucsb-cs16-f18-nichols/example.git
Cloning into 'example'...
remote: Enumerating objects: 3, done.
remote: Counting objects: 100% (3/3), done.
remote: Total 3 (delta 0), reused 0 (delta 0), pack-reused 0
Unpacking objects: 100% (3/3), done.
lawtonnichols:Fall-2018/ $ ls                                        [14:05:40]
01. Adele - Hello.mp3           example
HW solutions                    iClicker
autograder_samples              lab-starter-code
autograders                     lecture slides
code-from-class                 ucsb-cs16-f18-nichols.github.io
completed-labs
lawtonnichols:Fall-2018/ $ cd example                                [14:05:45]
lawtonnichols:example/ (master) $ git status                         [14:05:51]
On branch master
Your branch is up to date with 'origin/master'.

nothing to commit, working tree clean
lawtonnichols:example/ (master) $ cp ../code-from-class/10-04/while.cpp .
lawtonnichols:example/ (master*) $ ls                                [14:06:39]
README.md while.cpp
lawtonnichols:example/ (master*) $ git status                        [14:06:40]
On branch master
Your branch is up to date with 'origin/master'.

Untracked files:
  (use "git add <file>..." to include in what will be committed)

    while.cpp

nothing added to commit but untracked files present (use "git add" to track)
lawtonnichols:example/ (master*) $ git add .                         [14:06:54]
lawtonnichols:example/ (master*) $ git status                        [14:07:21]
On branch master
Your branch is up to date with 'origin/master'.

Changes to be committed:
  (use "git reset HEAD <file>..." to unstage)

    new file:   while.cpp

lawtonnichols:example/ (master*) $ git commit -m "added while.cpp"   [14:07:24]
[master a325e2c] added while.cpp
 1 file changed, 19 insertions(+)
 create mode 100644 while.cpp
lawtonnichols:example/ (master) $ git status                         [14:07:58]
On branch master
Your branch is ahead of 'origin/master' by 1 commit.
  (use "git push" to publish your local commits)

nothing to commit, working tree clean
lawtonnichols:example/ (master) $ git push                           [14:08:09]
Enumerating objects: 4, done.
Counting objects: 100% (4/4), done.
Delta compression using up to 4 threads.
Compressing objects: 100% (3/3), done.
Writing objects: 100% (3/3), 480 bytes | 480.00 KiB/s, done.
Total 3 (delta 0), reused 0 (delta 0)
To https://github.com/ucsb-cs16-f18-nichols/example.git
   a08634d..a325e2c  master -> master
lawtonnichols:example/ (master) $ git status                         [14:09:02]
On branch master
Your branch is up to date with 'origin/master'.

nothing to commit, working tree clean
lawtonnichols:example/ (master) $ git pull                           [14:09:05]
Already up to date.
lawtonnichols:example/ (master) $                                    [14:09:30]